// Jest Snapshot v1, https://goo.gl/fbAQLP

exports[`<App /> should render and match the snapshot 1`] = `
<BrowserRouter>
  <Helmet
    defaultTitle="Omsorgspenger visning"
    defer={true}
    encodeSpecialCharacters={true}
    titleTemplate="%s - Omsorgspenger visning"
  >
    <meta
      content="Omsorgspenger visning"
      name="description"
    />
  </Helmet>
  <AuthProvider>
    <OmsorgspengerHeader />
    <AuthChecker>
      <Switch>
        <Route
          component={[Function]}
          exact={true}
          path="/"
        />
        <Route
          component={[Function]}
        />
      </Switch>
    </AuthChecker>
    <UNDEFINED />
  </AuthProvider>
</BrowserRouter>
`;
